
> bas-ek-chai@1.0.0 build
> vinext build


  vinext build  (Vite 8.2.2)

[1/5] analyze client references...
transforming...
✓ 241 modules transformed.
rendering chunks...
✓ built in 982ms
[2/5] analyze server references...
transforming...
✓ 199 modules transformed.
rendering chunks...
✓ built in 4.16s
[3/5] build rsc environment...
transforming...
✓ 232 modules transformed.
rendering chunks...
computing gzip size...
✓ built in 896ms
[4/5] build client environment...
transforming...
✓ 249 modules transformed.
rendering chunks...
computing gzip size...
✓ built in 2.21s
[5/5] build ssr environment...
transforming...
✓ 201 modules transformed.
rendering chunks...
computing gzip size...
✓ built in 1.91s
[0m  Pre-rendering all routes (output: 'export')...
[vinext] Production server for prerendering running at http://127.0.0.1:49659
  Prerendered 2 routes (0 skipped).
  Discovered 1 CDN warmup path(s).
[0m
  Route (app)
  ─ ○ /

  ○ Static

  ○ Routes marked static were confirmed by speculative prerender (attempted render
    succeeded without dynamic API usage).

  Build complete. Run `vinext start` to start the production server.
